<html>
<body>
<pre>
<h1>µVision Build Log</h1>
<h2>Project:</h2>
E:\Settings\Keil\Labware\Lab8_SwitchLEDinterface\Lab8.uvproj
Project File Date:  08/21/2018

<h2>Output:</h2>
Build target 'Lab8'
compiling SwitchLEDInterface.c...
linking...
Program Size: Code=4096 RO-data=6628 RW-data=60 ZI-data=1756  
".\Lab8.axf" - 0 Error(s), 0 Warning(s).
</pre>
</body>
</html>
hLEDInterface.c: 0 warnings, 1 error
".\Lab8.axf" - 1 Error(s), 0 Warning(s).
Target not created
ce.c: 1 warning, 1 error
".\Lab8.axf" - 1 Error(s), 1 Warning(s).
Target not created
